C51 COMPILER V9.01   LCD12864                                                              09/21/2023 14:24:53 PAGE 1   


C51 COMPILER V9.01, COMPILATION OF MODULE LCD12864
OBJECT MODULE PLACED IN LCD12864.OBJ
COMPILER INVOKED BY: D:\Software\Keil\C51\BIN\C51.EXE LCD12864.c BROWSE DEBUG OBJECTEXTEND

line level    source

   1          #include "LCD12864.h"
   2          
   3          /******************************************************************************
   4          函数名称：LCD12864_WriteInfomation
   5          函数功能：向LCD12864写入命令或者数据
   6          入口参数：ucData-要写入液晶的数据或者命令的内容
   7                    bComOrData-命令或者数据的标志位选择，0或者1，其中
   8                      1：写入的是数据
   9                      0：写入的是命令
  10          返回值：无
  11          备注：无
  12          *******************************************************************************/
  13          void LCD12864_WriteInfomation(unsigned char ucData, bit bComOrData)
  14          {
  15   1          LCD12864_CheckBusy();     // 忙检测
  16   1          LCD12864_RW = 0;          // 拉低RW
  17   1          LCD12864_RS = bComOrData; // 根据标志位判断写入的是命令还是数据
  18   1          LCD12864_EN = 1;          // 使能信号
  19   1          LCDPORT = ucData;         // 将数据送至数据端口
  20   1          LCD12864_Delay(5);        // 延时
  21   1          LCD12864_EN = 0;          // 按照时序来操作
  22   1      }
  23          
  24          /******************************************************************************
  25          函数名称：LCD12864_Init
  26          函数功能：LCD12864液晶初始化
  27          入口参数：无
  28          返回值：无
  29          备注：无
  30          *******************************************************************************/
  31          void LCD12864_Init(void)
  32          {
  33   1          LCD12864_PSB = 1; // 8位并口工作模式
  34   1      
  35   1          LCD12864_WriteInfomation(0x30, 0); // 基本指令集
  36   1          LCD12864_WriteInfomation(0x0c, 0); // 游标设置
  37   1          LCD12864_WriteInfomation(0x01, 0); // 清屏
  38   1          LCD12864_WriteInfomation(0x06, 0); // 进入点设定
  39   1      }
  40          
  41          /******************************************************************************
  42          函数名称：LCD12864_CheckBusy
  43          函数功能：忙检测
  44          入口参数：无
  45          返回值：无
  46          备注：使用变量i做计时，避免液晶在死循环处停滞。
  47          *******************************************************************************/
  48          void LCD12864_CheckBusy(void)
  49          {
  50   1          unsigned char i = 250; // 局部变量
  51   1          LCD12864_RS = 0;       // 拉低
  52   1          LCD12864_RW = 1;       // 拉高
  53   1          LCD12864_EN = 1;       // 使能
  54   1          while ((i > 0) && (P1 & 0x80))
  55   1              i--;         // 判断忙标志位
C51 COMPILER V9.01   LCD12864                                                              09/21/2023 14:24:53 PAGE 2   

  56   1          LCD12864_EN = 0; // 释放
  57   1      }
  58          
  59          /******************************************************************************
  60          函数名称：LCD12864_DisplayOneLine
  61          函数功能：显示一行汉字（8个汉字或者16个英文字符）
  62          入口参数：position-要显示的行的首地址，可选值0x80,0x88,0x90,0x98,其中：
  63                      0x80:液晶的第一行；
  64                      0x88:液晶的第三行；
  65                      0x90:液晶的第二行；
  66                      0x98:液晶的第四行。
  67                    p-要显示的内容的首地址。
  68          返回值：无
  69          备注：无
  70          *******************************************************************************/
  71          void LCD12864_DisplayOneLine(unsigned char position, unsigned char *p, unsigned char len)
  72          {
  73   1          unsigned char i;
  74   1          LCD12864_WriteInfomation(position, 0); // 写入要显示文字的行的首地址
  75   1          // LCD12864_Delay(150);
  76   1      
  77   1          for (i = 0; i < len; i++) // 依次执行写入操作
  78   1          {
  79   2              LCD12864_WriteInfomation(*p, 1);
  80   2              p++;
  81   2          }
  82   1      }
  83          
  84          /******************************************************************************
  85          函数名称：Delay
  86          函数功能：延时函数
  87          入口参数：uiCount-延时参数
  88          返回值：无
  89          备注：无
  90          *******************************************************************************/
  91          void LCD12864_Delay(unsigned int uiCount)
  92          {
  93   1          uiCount /= 2;
  94   1          while (uiCount--)
  95   1              ;
  96   1      }


MODULE INFORMATION:   STATIC OVERLAYABLE
   CODE SIZE        =    144    ----
   CONSTANT SIZE    =   ----    ----
   XDATA SIZE       =   ----    ----
   PDATA SIZE       =   ----    ----
   DATA SIZE        =   ----       7
   IDATA SIZE       =   ----    ----
   BIT SIZE         =   ----       1
END OF MODULE INFORMATION.


C51 COMPILATION COMPLETE.  0 WARNING(S),  0 ERROR(S)
